wat: spinner.TickMsg - {2024-06-28 15:00:08.15001 -0400 EDT m=+0.004699919 0 1}
default::::::wat: tea.Cmd - <nil>
wat: tea.WindowSizeMsg - {156 79}
wat: tea.KeyMsg - ctrl+c
wat: spinner.TickMsg - {2024-06-28 15:08:50.389605 -0400 EDT m=+0.005856591 0 1}
wat: tea.WindowSizeMsg - {156 79}
wat: tea.KeyMsg - ctrl+c
wat: spinner.TickMsg - {2024-06-28 15:14:03.293502 -0400 EDT m=+0.006881746 0 1}
wat: tea.WindowSizeMsg - {156 79}
wat: tea.KeyMsg - /
wat: tea.KeyMsg - ?
wat: tea.KeyMsg - ctrl+c
wat: spinner.TickMsg - {2024-06-28 15:14:39.693835 -0400 EDT m=+0.004069765 0 1}
wat: tea.WindowSizeMsg - {156 79}
wat: tea.KeyMsg - ?
wat: tea.KeyMsg - q
wat: modelselect.fetchModelsMsg - {}
wat: tea.WindowSizeMsg - {156 79}
wat: tea.KeyMsg - down
wat: tea.KeyMsg - down
wat: tea.KeyMsg - down
wat: tea.KeyMsg - down
wat: tea.KeyMsg - down
wat: tea.KeyMsg - up
wat: tea.KeyMsg - up
wat: tea.KeyMsg - up
wat: tea.KeyMsg - up
wat: tea.KeyMsg - up
wat: tea.KeyMsg - up
wat: tea.KeyMsg - down
wat: tea.KeyMsg - down
wat: tea.KeyMsg - down
wat: tea.KeyMsg - down
wat: tea.KeyMsg - down
wat: tea.KeyMsg - down
wat: tea.KeyMsg - up
wat: tea.KeyMsg - up
wat: tea.KeyMsg - up
wat: tea.KeyMsg - up
wat: tea.KeyMsg - up
wat: tea.KeyMsg - down
wat: tea.KeyMsg - down
wat: tea.KeyMsg - down
wat: tea.KeyMsg - down
wat: tea.KeyMsg - down
wat: tea.KeyMsg - ctrl+c
wat: modelselect.fetchModelsMsg - {}
wat: tea.WindowSizeMsg - {156 79}
wat: tea.KeyMsg - down
wat: tea.KeyMsg - down
wat: tea.KeyMsg - down
wat: tea.KeyMsg - esc
